// Vitest Snapshot v1, https://vitest.dev/guide/snapshot.html

exports[`FileUploader component > coincide con el snapshot inicial 1`] = `
<div>
  <div
    class="flex flex-col gap-2"
  >
    <label
      class="text-label font-medium text-gray-70"
    >
      Archivo
    </label>
    <div
      class="flex items-center gap-4"
    >
      <input
        accept=".xml"
        class="hidden"
        type="file"
      />
      <button
        class="inline-flex items-center justify-center font-semibold focus:outline-none focus:ring-offset-2 whitespace-nowrap px-4 py-2 text-btn-md rounded-md bg-green-80 text-white hover:bg-green-90 focus:ring-2 focus:ring-green-60 focus:bg-green-60 active:bg-green-100 disabled:bg-gray-20 disabled:text-gray-40 w-full"
        type="button"
      >
        <span>
          Subir XML
        </span>
        <svg
          class="transition-transform text-inherit"
          data-testid="upload-icon"
        />
      </button>
    </div>
    <p
      class="text-label text-gray-70"
    >
      Archivos permitidos: .xml
    </p>
  </div>
</div>
`;
